../Core/Src/main.c:50:9:CalCRC8	24	static
../Core/Src/main.c:149:6:HAL_UART_RxCpltCallback	16	static
../Core/Src/main.c:165:6:AssignVal	328	static
../Core/Src/main.c:195:6:MoveAlgorithm	8	static
../Core/Src/main.c:211:5:main	8	static
../Core/Src/main.c:276:6:SystemClock_Config	88	static
../Core/Src/main.c:334:13:MX_ETH_Init	8	static
../Core/Src/main.c:383:13:MX_TIM1_Init	96	static
../Core/Src/main.c:457:13:MX_USART2_UART_Init	8	static
../Core/Src/main.c:492:13:MX_USART3_UART_Init	8	static
../Core/Src/main.c:527:13:MX_USB_OTG_FS_PCD_Init	8	static
../Core/Src/main.c:560:13:MX_DMA_Init	16	static
../Core/Src/main.c:578:13:MX_GPIO_Init	56	static
../Core/Src/main.c:633:6:Error_Handler	4	static,ignoring_inline_asm
